[    2629ms] [ERROR] Failed to load resource: the server responded with a status of 401 (Unauthorized) @ http://localhost/saas-ugcBKP/api/admin_users.php:0
[    2630ms] [ERROR] Failed to load resource: the server responded with a status of 401 (Unauthorized) @ http://localhost/saas-ugcBKP/api/state.php:0
[    6320ms] [ERROR] Failed to load resource: the server responded with a status of 401 (Unauthorized) @ http://localhost/saas-ugcBKP/api/admin_users.php:0
[    8158ms] [ERROR] Failed to load resource: the server responded with a status of 401 (Unauthorized) @ http://localhost/saas-ugcBKP/api/state.php:0
[    8158ms] [ERROR] [Sync] Erro ao salvar estado: 401 Unauthorized @ http://localhost/saas-ugcBKP/assets/js2/core/state.js:863
[   31917ms] [ERROR] Failed to load resource: the server responded with a status of 401 (Unauthorized) @ http://localhost/saas-ugcBKP/api/track_time.php:0
[   62020ms] [ERROR] Failed to load resource: the server responded with a status of 401 (Unauthorized) @ http://localhost/saas-ugcBKP/api/track_time.php:0
[   92140ms] [ERROR] Failed to load resource: the server responded with a status of 401 (Unauthorized) @ http://localhost/saas-ugcBKP/api/track_time.php:0
[  121926ms] [ERROR] Failed to load resource: the server responded with a status of 401 (Unauthorized) @ http://localhost/saas-ugcBKP/api/track_time.php:0
[  181933ms] [ERROR] Failed to load resource: the server responded with a status of 401 (Unauthorized) @ http://localhost/saas-ugcBKP/api/track_time.php:0
[  243068ms] [ERROR] Failed to load resource: the server responded with a status of 401 (Unauthorized) @ http://localhost/saas-ugcBKP/api/track_time.php:0
[  272061ms] [ERROR] Failed to load resource: the server responded with a status of 401 (Unauthorized) @ http://localhost/saas-ugcBKP/api/track_time.php:0
[  332053ms] [ERROR] Failed to load resource: the server responded with a status of 401 (Unauthorized) @ http://localhost/saas-ugcBKP/api/track_time.php:0
[  392064ms] [ERROR] Failed to load resource: the server responded with a status of 401 (Unauthorized) @ http://localhost/saas-ugcBKP/api/track_time.php:0
[  422065ms] [ERROR] Failed to load resource: the server responded with a status of 401 (Unauthorized) @ http://localhost/saas-ugcBKP/api/track_time.php:0
[  481535ms] [ERROR] Failed to load resource: the server responded with a status of 401 (Unauthorized) @ http://localhost/saas-ugcBKP/api/track_time.php:0
[  511974ms] [ERROR] Failed to load resource: the server responded with a status of 401 (Unauthorized) @ http://localhost/saas-ugcBKP/api/track_time.php:0
[  571881ms] [ERROR] Failed to load resource: the server responded with a status of 401 (Unauthorized) @ http://localhost/saas-ugcBKP/api/track_time.php:0
[  631821ms] [ERROR] Failed to load resource: the server responded with a status of 401 (Unauthorized) @ http://localhost/saas-ugcBKP/api/track_time.php:0
[  666540ms] [ERROR] Failed to load resource: the server responded with a status of 500 (Internal Server Error) @ http://localhost/saas-ugcBKP/api/track_time.php:0
[  721794ms] [ERROR] Failed to load resource: the server responded with a status of 401 (Unauthorized) @ http://localhost/saas-ugcBKP/api/track_time.php:0
[  754359ms] [ERROR] Failed to load resource: the server responded with a status of 401 (Unauthorized) @ http://localhost/saas-ugcBKP/api/track_time.php:0
[  781906ms] [ERROR] Failed to load resource: the server responded with a status of 401 (Unauthorized) @ http://localhost/saas-ugcBKP/api/track_time.php:0
[  842938ms] [ERROR] Failed to load resource: the server responded with a status of 401 (Unauthorized) @ http://localhost/saas-ugcBKP/api/track_time.php:0
[  902534ms] [ERROR] Failed to load resource: the server responded with a status of 401 (Unauthorized) @ http://localhost/saas-ugcBKP/api/track_time.php:0
[  931754ms] [ERROR] Failed to load resource: the server responded with a status of 401 (Unauthorized) @ http://localhost/saas-ugcBKP/api/track_time.php:0
[  991936ms] [ERROR] Failed to load resource: the server responded with a status of 401 (Unauthorized) @ http://localhost/saas-ugcBKP/api/track_time.php:0
[ 1022058ms] [ERROR] Failed to load resource: the server responded with a status of 401 (Unauthorized) @ http://localhost/saas-ugcBKP/api/track_time.php:0
[ 1081943ms] [ERROR] Failed to load resource: the server responded with a status of 401 (Unauthorized) @ http://localhost/saas-ugcBKP/api/track_time.php:0
[ 1141952ms] [ERROR] Failed to load resource: the server responded with a status of 401 (Unauthorized) @ http://localhost/saas-ugcBKP/api/track_time.php:0
[ 1201885ms] [ERROR] Failed to load resource: the server responded with a status of 401 (Unauthorized) @ http://localhost/saas-ugcBKP/api/track_time.php:0
[ 1232065ms] [ERROR] Failed to load resource: the server responded with a status of 401 (Unauthorized) @ http://localhost/saas-ugcBKP/api/track_time.php:0
[ 1291850ms] [ERROR] Failed to load resource: the server responded with a status of 401 (Unauthorized) @ http://localhost/saas-ugcBKP/api/track_time.php:0
[ 1352181ms] [ERROR] Failed to load resource: the server responded with a status of 401 (Unauthorized) @ http://localhost/saas-ugcBKP/api/track_time.php:0
[ 1411456ms] [ERROR] Failed to load resource: the server responded with a status of 401 (Unauthorized) @ http://localhost/saas-ugcBKP/api/track_time.php:0
[ 1471363ms] [ERROR] Failed to load resource: the server responded with a status of 401 (Unauthorized) @ http://localhost/saas-ugcBKP/api/track_time.php:0
[ 1531345ms] [ERROR] Failed to load resource: the server responded with a status of 401 (Unauthorized) @ http://localhost/saas-ugcBKP/api/track_time.php:0
[ 1561372ms] [ERROR] Failed to load resource: the server responded with a status of 401 (Unauthorized) @ http://localhost/saas-ugcBKP/api/track_time.php:0
[ 1591420ms] [ERROR] Failed to load resource: the server responded with a status of 401 (Unauthorized) @ http://localhost/saas-ugcBKP/api/track_time.php:0
[ 1621342ms] [ERROR] Failed to load resource: the server responded with a status of 401 (Unauthorized) @ http://localhost/saas-ugcBKP/api/track_time.php:0
[ 1681429ms] [ERROR] Failed to load resource: the server responded with a status of 401 (Unauthorized) @ http://localhost/saas-ugcBKP/api/track_time.php:0
[ 1741421ms] [ERROR] Failed to load resource: the server responded with a status of 401 (Unauthorized) @ http://localhost/saas-ugcBKP/api/track_time.php:0
[ 1771404ms] [ERROR] Failed to load resource: the server responded with a status of 401 (Unauthorized) @ http://localhost/saas-ugcBKP/api/track_time.php:0
[ 1831355ms] [ERROR] Failed to load resource: the server responded with a status of 401 (Unauthorized) @ http://localhost/saas-ugcBKP/api/track_time.php:0
[ 1861334ms] [ERROR] Failed to load resource: the server responded with a status of 401 (Unauthorized) @ http://localhost/saas-ugcBKP/api/track_time.php:0
[ 1921350ms] [ERROR] Failed to load resource: the server responded with a status of 401 (Unauthorized) @ http://localhost/saas-ugcBKP/api/track_time.php:0
[ 1951378ms] [ERROR] Failed to load resource: the server responded with a status of 401 (Unauthorized) @ http://localhost/saas-ugcBKP/api/track_time.php:0
[ 2011363ms] [ERROR] Failed to load resource: the server responded with a status of 401 (Unauthorized) @ http://localhost/saas-ugcBKP/api/track_time.php:0
[ 2041366ms] [ERROR] Failed to load resource: the server responded with a status of 401 (Unauthorized) @ http://localhost/saas-ugcBKP/api/track_time.php:0
[ 2101353ms] [ERROR] Failed to load resource: the server responded with a status of 401 (Unauthorized) @ http://localhost/saas-ugcBKP/api/track_time.php:0
[ 2131382ms] [ERROR] Failed to load resource: the server responded with a status of 401 (Unauthorized) @ http://localhost/saas-ugcBKP/api/track_time.php:0
[ 2191851ms] [ERROR] Failed to load resource: the server responded with a status of 401 (Unauthorized) @ http://localhost/saas-ugcBKP/api/track_time.php:0
[ 2251511ms] [ERROR] Failed to load resource: the server responded with a status of 401 (Unauthorized) @ http://localhost/saas-ugcBKP/api/track_time.php:0
[ 2311380ms] [ERROR] Failed to load resource: the server responded with a status of 401 (Unauthorized) @ http://localhost/saas-ugcBKP/api/track_time.php:0
[ 2371376ms] [ERROR] Failed to load resource: the server responded with a status of 401 (Unauthorized) @ http://localhost/saas-ugcBKP/api/track_time.php:0
[ 2401708ms] [ERROR] Failed to load resource: the server responded with a status of 401 (Unauthorized) @ http://localhost/saas-ugcBKP/api/track_time.php:0
[ 2431359ms] [ERROR] Failed to load resource: the server responded with a status of 401 (Unauthorized) @ http://localhost/saas-ugcBKP/api/track_time.php:0
[ 2461344ms] [ERROR] Failed to load resource: the server responded with a status of 401 (Unauthorized) @ http://localhost/saas-ugcBKP/api/track_time.php:0
[ 2491671ms] [ERROR] Failed to load resource: the server responded with a status of 401 (Unauthorized) @ http://localhost/saas-ugcBKP/api/track_time.php:0
[ 2552096ms] [ERROR] Failed to load resource: the server responded with a status of 401 (Unauthorized) @ http://localhost/saas-ugcBKP/api/track_time.php:0
[ 2582924ms] [ERROR] Failed to load resource: the server responded with a status of 401 (Unauthorized) @ http://localhost/saas-ugcBKP/api/track_time.php:0
[ 2642167ms] [ERROR] Failed to load resource: the server responded with a status of 500 (Internal Server Error) @ http://localhost/saas-ugcBKP/api/track_time.php:0
[ 2701671ms] [ERROR] Failed to load resource: the server responded with a status of 401 (Unauthorized) @ http://localhost/saas-ugcBKP/api/track_time.php:0
[ 2761872ms] [ERROR] Failed to load resource: the server responded with a status of 401 (Unauthorized) @ http://localhost/saas-ugcBKP/api/track_time.php:0
[ 2791775ms] [ERROR] Failed to load resource: the server responded with a status of 401 (Unauthorized) @ http://localhost/saas-ugcBKP/api/track_time.php:0
[ 2821715ms] [ERROR] Failed to load resource: the server responded with a status of 401 (Unauthorized) @ http://localhost/saas-ugcBKP/api/track_time.php:0
[ 2881877ms] [ERROR] Failed to load resource: the server responded with a status of 401 (Unauthorized) @ http://localhost/saas-ugcBKP/api/track_time.php:0
[ 2912083ms] [ERROR] Failed to load resource: the server responded with a status of 401 (Unauthorized) @ http://localhost/saas-ugcBKP/api/track_time.php:0
[ 2974697ms] [ERROR] Failed to load resource: the server responded with a status of 401 (Unauthorized) @ http://localhost/saas-ugcBKP/api/track_time.php:0
[ 3031696ms] [ERROR] Failed to load resource: the server responded with a status of 401 (Unauthorized) @ http://localhost/saas-ugcBKP/api/track_time.php:0
[ 3061862ms] [ERROR] Failed to load resource: the server responded with a status of 401 (Unauthorized) @ http://localhost/saas-ugcBKP/api/track_time.php:0
[ 3091704ms] [ERROR] Failed to load resource: the server responded with a status of 401 (Unauthorized) @ http://localhost/saas-ugcBKP/api/track_time.php:0
[ 3122013ms] [ERROR] Failed to load resource: the server responded with a status of 401 (Unauthorized) @ http://localhost/saas-ugcBKP/api/track_time.php:0
[ 3187507ms] [ERROR] Failed to load resource: the server responded with a status of 500 (Internal Server Error) @ http://localhost/saas-ugcBKP/api/track_time.php:0
[ 3242948ms] [ERROR] Failed to load resource: the server responded with a status of 401 (Unauthorized) @ http://localhost/saas-ugcBKP/api/track_time.php:0
[ 3301817ms] [ERROR] Failed to load resource: the server responded with a status of 401 (Unauthorized) @ http://localhost/saas-ugcBKP/api/track_time.php:0
[ 3363047ms] [ERROR] Failed to load resource: the server responded with a status of 401 (Unauthorized) @ http://localhost/saas-ugcBKP/api/track_time.php:0
[ 3392935ms] [ERROR] Failed to load resource: the server responded with a status of 401 (Unauthorized) @ http://localhost/saas-ugcBKP/api/track_time.php:0
[ 3452680ms] [ERROR] Failed to load resource: the server responded with a status of 401 (Unauthorized) @ http://localhost/saas-ugcBKP/api/track_time.php:0
[ 3481937ms] [ERROR] Failed to load resource: the server responded with a status of 401 (Unauthorized) @ http://localhost/saas-ugcBKP/api/track_time.php:0
[ 3543889ms] [ERROR] Failed to load resource: the server responded with a status of 401 (Unauthorized) @ http://localhost/saas-ugcBKP/api/track_time.php:0
[ 3601930ms] [ERROR] Failed to load resource: the server responded with a status of 401 (Unauthorized) @ http://localhost/saas-ugcBKP/api/track_time.php:0
[ 3631749ms] [ERROR] Failed to load resource: the server responded with a status of 401 (Unauthorized) @ http://localhost/saas-ugcBKP/api/track_time.php:0
[ 3692167ms] [ERROR] Failed to load resource: the server responded with a status of 401 (Unauthorized) @ http://localhost/saas-ugcBKP/api/track_time.php:0
[ 3721965ms] [ERROR] Failed to load resource: the server responded with a status of 401 (Unauthorized) @ http://localhost/saas-ugcBKP/api/track_time.php:0
[ 3781870ms] [ERROR] Failed to load resource: the server responded with a status of 401 (Unauthorized) @ http://localhost/saas-ugcBKP/api/track_time.php:0
[ 3841774ms] [ERROR] Failed to load resource: the server responded with a status of 401 (Unauthorized) @ http://localhost/saas-ugcBKP/api/track_time.php:0
[ 3904344ms] [ERROR] Failed to load resource: the server responded with a status of 401 (Unauthorized) @ http://localhost/saas-ugcBKP/api/track_time.php:0
[ 3933323ms] [ERROR] Failed to load resource: the server responded with a status of 401 (Unauthorized) @ http://localhost/saas-ugcBKP/api/track_time.php:0
[ 3992819ms] [ERROR] Failed to load resource: the server responded with a status of 401 (Unauthorized) @ http://localhost/saas-ugcBKP/api/track_time.php:0
[ 4051690ms] [ERROR] Failed to load resource: the server responded with a status of 401 (Unauthorized) @ http://localhost/saas-ugcBKP/api/track_time.php:0
[ 4111832ms] [ERROR] Failed to load resource: the server responded with a status of 401 (Unauthorized) @ http://localhost/saas-ugcBKP/api/track_time.php:0
[ 4141741ms] [ERROR] Failed to load resource: the server responded with a status of 401 (Unauthorized) @ http://localhost/saas-ugcBKP/api/track_time.php:0
[ 4171825ms] [ERROR] Failed to load resource: the server responded with a status of 401 (Unauthorized) @ http://localhost/saas-ugcBKP/api/track_time.php:0
[ 4231824ms] [ERROR] Failed to load resource: the server responded with a status of 401 (Unauthorized) @ http://localhost/saas-ugcBKP/api/track_time.php:0
[ 4291761ms] [ERROR] Failed to load resource: the server responded with a status of 401 (Unauthorized) @ http://localhost/saas-ugcBKP/api/track_time.php:0
[ 4351939ms] [ERROR] Failed to load resource: the server responded with a status of 401 (Unauthorized) @ http://localhost/saas-ugcBKP/api/track_time.php:0
[ 4381976ms] [ERROR] Failed to load resource: the server responded with a status of 401 (Unauthorized) @ http://localhost/saas-ugcBKP/api/track_time.php:0
[ 4411801ms] [ERROR] Failed to load resource: the server responded with a status of 401 (Unauthorized) @ http://localhost/saas-ugcBKP/api/track_time.php:0
[ 4471848ms] [ERROR] Failed to load resource: the server responded with a status of 401 (Unauthorized) @ http://localhost/saas-ugcBKP/api/track_time.php:0
[ 4504501ms] [ERROR] Failed to load resource: the server responded with a status of 401 (Unauthorized) @ http://localhost/saas-ugcBKP/api/track_time.php:0
[ 4561869ms] [ERROR] Failed to load resource: the server responded with a status of 401 (Unauthorized) @ http://localhost/saas-ugcBKP/api/track_time.php:0
[ 4621875ms] [ERROR] Failed to load resource: the server responded with a status of 401 (Unauthorized) @ http://localhost/saas-ugcBKP/api/track_time.php:0
[ 4681780ms] [ERROR] Failed to load resource: the server responded with a status of 401 (Unauthorized) @ http://localhost/saas-ugcBKP/api/track_time.php:0
[ 4711781ms] [ERROR] Failed to load resource: the server responded with a status of 401 (Unauthorized) @ http://localhost/saas-ugcBKP/api/track_time.php:0
[ 4771997ms] [ERROR] Failed to load resource: the server responded with a status of 401 (Unauthorized) @ http://localhost/saas-ugcBKP/api/track_time.php:0
[ 4813115ms] [ERROR] Failed to load resource: the server responded with a status of 401 (Unauthorized) @ http://localhost/saas-ugcBKP/api/track_time.php:0
[ 4863194ms] [ERROR] Failed to load resource: the server responded with a status of 401 (Unauthorized) @ http://localhost/saas-ugcBKP/api/track_time.php:0
[ 4894650ms] [ERROR] Failed to load resource: the server responded with a status of 401 (Unauthorized) @ http://localhost/saas-ugcBKP/api/track_time.php:0
[ 4951769ms] [ERROR] Failed to load resource: the server responded with a status of 401 (Unauthorized) @ http://localhost/saas-ugcBKP/api/track_time.php:0
[ 5012007ms] [ERROR] Failed to load resource: the server responded with a status of 401 (Unauthorized) @ http://localhost/saas-ugcBKP/api/track_time.php:0
[ 5081945ms] [ERROR] Failed to load resource: the server responded with a status of 401 (Unauthorized) @ http://localhost/saas-ugcBKP/api/track_time.php:0
[ 5101729ms] [ERROR] Failed to load resource: the server responded with a status of 401 (Unauthorized) @ http://localhost/saas-ugcBKP/api/track_time.php:0
[ 5162434ms] [ERROR] Failed to load resource: the server responded with a status of 401 (Unauthorized) @ http://localhost/saas-ugcBKP/api/track_time.php:0
[ 5199206ms] [ERROR] Failed to load resource: the server responded with a status of 401 (Unauthorized) @ http://localhost/saas-ugcBKP/api/track_time.php:0
[ 5251564ms] [ERROR] Failed to load resource: the server responded with a status of 401 (Unauthorized) @ http://localhost/saas-ugcBKP/api/track_time.php:0
[ 5321262ms] [ERROR] Failed to load resource: the server responded with a status of 500 (Internal Server Error) @ http://localhost/saas-ugcBKP/api/track_time.php:0
[ 5341696ms] [ERROR] Failed to load resource: the server responded with a status of 401 (Unauthorized) @ http://localhost/saas-ugcBKP/api/track_time.php:0
[ 5401314ms] [ERROR] Failed to load resource: the server responded with a status of 401 (Unauthorized) @ http://localhost/saas-ugcBKP/api/track_time.php:0
[ 5473154ms] [ERROR] Failed to load resource: the server responded with a status of 401 (Unauthorized) @ http://localhost/saas-ugcBKP/api/track_time.php:0
[ 5491337ms] [ERROR] Failed to load resource: the server responded with a status of 401 (Unauthorized) @ http://localhost/saas-ugcBKP/api/track_time.php:0
[ 5521329ms] [ERROR] Failed to load resource: the server responded with a status of 401 (Unauthorized) @ http://localhost/saas-ugcBKP/api/track_time.php:0
[ 5581318ms] [ERROR] Failed to load resource: the server responded with a status of 401 (Unauthorized) @ http://localhost/saas-ugcBKP/api/track_time.php:0
[ 5613842ms] [ERROR] Failed to load resource: the server responded with a status of 401 (Unauthorized) @ http://localhost/saas-ugcBKP/api/track_time.php:0
[ 5671299ms] [ERROR] Failed to load resource: the server responded with a status of 401 (Unauthorized) @ http://localhost/saas-ugcBKP/api/track_time.php:0
[ 5731320ms] [ERROR] Failed to load resource: the server responded with a status of 401 (Unauthorized) @ http://localhost/saas-ugcBKP/api/track_time.php:0
[ 5791334ms] [ERROR] Failed to load resource: the server responded with a status of 401 (Unauthorized) @ http://localhost/saas-ugcBKP/api/track_time.php:0
[ 5821534ms] [ERROR] Failed to load resource: the server responded with a status of 401 (Unauthorized) @ http://localhost/saas-ugcBKP/api/track_time.php:0
[ 5851345ms] [ERROR] Failed to load resource: the server responded with a status of 401 (Unauthorized) @ http://localhost/saas-ugcBKP/api/track_time.php:0
[ 5881317ms] [ERROR] Failed to load resource: the server responded with a status of 401 (Unauthorized) @ http://localhost/saas-ugcBKP/api/track_time.php:0
[ 5941346ms] [ERROR] Failed to load resource: the server responded with a status of 401 (Unauthorized) @ http://localhost/saas-ugcBKP/api/track_time.php:0
[ 6001324ms] [ERROR] Failed to load resource: the server responded with a status of 401 (Unauthorized) @ http://localhost/saas-ugcBKP/api/track_time.php:0
