[    2349ms] [ERROR] Failed to load resource: the server responded with a status of 401 (Unauthorized) @ http://localhost/saas-ugcBKP/api/state.php:0
[    4705ms] [ERROR] Failed to load resource: the server responded with a status of 401 (Unauthorized) @ http://localhost/saas-ugcBKP/api/state.php:0
[    4705ms] [ERROR] [Sync] Erro ao salvar estado: 401 Unauthorized @ http://localhost/saas-ugcBKP/assets/js2/core/state.js:863
[   31828ms] [ERROR] Failed to load resource: the server responded with a status of 401 (Unauthorized) @ http://localhost/saas-ugcBKP/api/track_time.php:0
[   91951ms] [ERROR] Failed to load resource: the server responded with a status of 401 (Unauthorized) @ http://localhost/saas-ugcBKP/api/track_time.php:0
[  121947ms] [ERROR] Failed to load resource: the server responded with a status of 401 (Unauthorized) @ http://localhost/saas-ugcBKP/api/track_time.php:0
[  151958ms] [ERROR] Failed to load resource: the server responded with a status of 401 (Unauthorized) @ http://localhost/saas-ugcBKP/api/track_time.php:0
[  182705ms] [ERROR] Failed to load resource: the server responded with a status of 401 (Unauthorized) @ http://localhost/saas-ugcBKP/api/track_time.php:0
[  211859ms] [ERROR] Failed to load resource: the server responded with a status of 401 (Unauthorized) @ http://localhost/saas-ugcBKP/api/track_time.php:0
[  272133ms] [ERROR] Failed to load resource: the server responded with a status of 401 (Unauthorized) @ http://localhost/saas-ugcBKP/api/track_time.php:0
[  301838ms] [ERROR] Failed to load resource: the server responded with a status of 401 (Unauthorized) @ http://localhost/saas-ugcBKP/api/track_time.php:0
[  331966ms] [ERROR] Failed to load resource: the server responded with a status of 401 (Unauthorized) @ http://localhost/saas-ugcBKP/api/track_time.php:0
[  392804ms] [ERROR] Failed to load resource: the server responded with a status of 401 (Unauthorized) @ http://localhost/saas-ugcBKP/api/track_time.php:0
[  453074ms] [ERROR] Failed to load resource: the server responded with a status of 401 (Unauthorized) @ http://localhost/saas-ugcBKP/api/track_time.php:0
[  481925ms] [ERROR] Failed to load resource: the server responded with a status of 401 (Unauthorized) @ http://localhost/saas-ugcBKP/api/track_time.php:0
[  541790ms] [ERROR] Failed to load resource: the server responded with a status of 401 (Unauthorized) @ http://localhost/saas-ugcBKP/api/track_time.php:0
[  601987ms] [ERROR] Failed to load resource: the server responded with a status of 401 (Unauthorized) @ http://localhost/saas-ugcBKP/api/track_time.php:0
[  631810ms] [ERROR] Failed to load resource: the server responded with a status of 401 (Unauthorized) @ http://localhost/saas-ugcBKP/api/track_time.php:0
[  691719ms] [ERROR] Failed to load resource: the server responded with a status of 401 (Unauthorized) @ http://localhost/saas-ugcBKP/api/track_time.php:0
[  721750ms] [ERROR] Failed to load resource: the server responded with a status of 401 (Unauthorized) @ http://localhost/saas-ugcBKP/api/track_time.php:0
[  781828ms] [ERROR] Failed to load resource: the server responded with a status of 401 (Unauthorized) @ http://localhost/saas-ugcBKP/api/track_time.php:0
[  811835ms] [ERROR] Failed to load resource: the server responded with a status of 401 (Unauthorized) @ http://localhost/saas-ugcBKP/api/track_time.php:0
[  871942ms] [ERROR] Failed to load resource: the server responded with a status of 401 (Unauthorized) @ http://localhost/saas-ugcBKP/api/track_time.php:0
[  901844ms] [ERROR] Failed to load resource: the server responded with a status of 401 (Unauthorized) @ http://localhost/saas-ugcBKP/api/track_time.php:0
[  963900ms] [ERROR] Failed to load resource: the server responded with a status of 401 (Unauthorized) @ http://localhost/saas-ugcBKP/api/track_time.php:0
[ 1021756ms] [ERROR] Failed to load resource: the server responded with a status of 401 (Unauthorized) @ http://localhost/saas-ugcBKP/api/track_time.php:0
[ 1081267ms] [ERROR] Failed to load resource: the server responded with a status of 401 (Unauthorized) @ http://localhost/saas-ugcBKP/api/track_time.php:0
[ 1141306ms] [ERROR] Failed to load resource: the server responded with a status of 401 (Unauthorized) @ http://localhost/saas-ugcBKP/api/track_time.php:0
[ 1201379ms] [ERROR] Failed to load resource: the server responded with a status of 401 (Unauthorized) @ http://localhost/saas-ugcBKP/api/track_time.php:0
[ 1231479ms] [ERROR] Failed to load resource: the server responded with a status of 401 (Unauthorized) @ http://localhost/saas-ugcBKP/api/track_time.php:0
[ 1291256ms] [ERROR] Failed to load resource: the server responded with a status of 401 (Unauthorized) @ http://localhost/saas-ugcBKP/api/track_time.php:0
[ 1321251ms] [ERROR] Failed to load resource: the server responded with a status of 401 (Unauthorized) @ http://localhost/saas-ugcBKP/api/track_time.php:0
[ 1381306ms] [ERROR] Failed to load resource: the server responded with a status of 401 (Unauthorized) @ http://localhost/saas-ugcBKP/api/track_time.php:0
[ 1441256ms] [ERROR] Failed to load resource: the server responded with a status of 401 (Unauthorized) @ http://localhost/saas-ugcBKP/api/track_time.php:0
[ 1501734ms] [ERROR] Failed to load resource: the server responded with a status of 401 (Unauthorized) @ http://localhost/saas-ugcBKP/api/track_time.php:0
[ 1531352ms] [ERROR] Failed to load resource: the server responded with a status of 401 (Unauthorized) @ http://localhost/saas-ugcBKP/api/track_time.php:0
[ 1591430ms] [ERROR] Failed to load resource: the server responded with a status of 401 (Unauthorized) @ http://localhost/saas-ugcBKP/api/track_time.php:0
[ 1651314ms] [ERROR] Failed to load resource: the server responded with a status of 401 (Unauthorized) @ http://localhost/saas-ugcBKP/api/track_time.php:0
[ 1681313ms] [ERROR] Failed to load resource: the server responded with a status of 401 (Unauthorized) @ http://localhost/saas-ugcBKP/api/track_time.php:0
[ 1711286ms] [ERROR] Failed to load resource: the server responded with a status of 401 (Unauthorized) @ http://localhost/saas-ugcBKP/api/track_time.php:0
[ 1771275ms] [ERROR] Failed to load resource: the server responded with a status of 401 (Unauthorized) @ http://localhost/saas-ugcBKP/api/track_time.php:0
[ 1831280ms] [ERROR] Failed to load resource: the server responded with a status of 401 (Unauthorized) @ http://localhost/saas-ugcBKP/api/track_time.php:0
[ 1862397ms] [ERROR] Failed to load resource: the server responded with a status of 401 (Unauthorized) @ http://localhost/saas-ugcBKP/api/track_time.php:0
[ 1921529ms] [ERROR] Failed to load resource: the server responded with a status of 401 (Unauthorized) @ http://localhost/saas-ugcBKP/api/track_time.php:0
[ 1951334ms] [ERROR] Failed to load resource: the server responded with a status of 401 (Unauthorized) @ http://localhost/saas-ugcBKP/api/track_time.php:0
[ 1981235ms] [ERROR] Failed to load resource: the server responded with a status of 401 (Unauthorized) @ http://localhost/saas-ugcBKP/api/track_time.php:0
[ 2041465ms] [ERROR] Failed to load resource: the server responded with a status of 401 (Unauthorized) @ http://localhost/saas-ugcBKP/api/track_time.php:0
[ 2073276ms] [ERROR] Failed to load resource: the server responded with a status of 500 (Internal Server Error) @ http://localhost/saas-ugcBKP/api/track_time.php:0
[ 2131308ms] [ERROR] Failed to load resource: the server responded with a status of 401 (Unauthorized) @ http://localhost/saas-ugcBKP/api/track_time.php:0
[ 2191257ms] [ERROR] Failed to load resource: the server responded with a status of 401 (Unauthorized) @ http://localhost/saas-ugcBKP/api/track_time.php:0
[ 2221922ms] [ERROR] Failed to load resource: the server responded with a status of 401 (Unauthorized) @ http://localhost/saas-ugcBKP/api/track_time.php:0
[ 2281814ms] [ERROR] Failed to load resource: the server responded with a status of 401 (Unauthorized) @ http://localhost/saas-ugcBKP/api/track_time.php:0
[ 2341839ms] [ERROR] Failed to load resource: the server responded with a status of 401 (Unauthorized) @ http://localhost/saas-ugcBKP/api/track_time.php:0
[ 2401865ms] [ERROR] Failed to load resource: the server responded with a status of 401 (Unauthorized) @ http://localhost/saas-ugcBKP/api/track_time.php:0
[ 2462041ms] [ERROR] Failed to load resource: the server responded with a status of 401 (Unauthorized) @ http://localhost/saas-ugcBKP/api/track_time.php:0
[ 2521868ms] [ERROR] Failed to load resource: the server responded with a status of 401 (Unauthorized) @ http://localhost/saas-ugcBKP/api/track_time.php:0
[ 2551678ms] [ERROR] Failed to load resource: the server responded with a status of 401 (Unauthorized) @ http://localhost/saas-ugcBKP/api/track_time.php:0
[ 2611677ms] [ERROR] Failed to load resource: the server responded with a status of 401 (Unauthorized) @ http://localhost/saas-ugcBKP/api/track_time.php:0
[ 2671986ms] [ERROR] Failed to load resource: the server responded with a status of 401 (Unauthorized) @ http://localhost/saas-ugcBKP/api/track_time.php:0
[ 2731888ms] [ERROR] Failed to load resource: the server responded with a status of 401 (Unauthorized) @ http://localhost/saas-ugcBKP/api/track_time.php:0
[ 2761883ms] [ERROR] Failed to load resource: the server responded with a status of 401 (Unauthorized) @ http://localhost/saas-ugcBKP/api/track_time.php:0
[ 2791702ms] [ERROR] Failed to load resource: the server responded with a status of 401 (Unauthorized) @ http://localhost/saas-ugcBKP/api/track_time.php:0
[ 2852755ms] [ERROR] Failed to load resource: the server responded with a status of 401 (Unauthorized) @ http://localhost/saas-ugcBKP/api/track_time.php:0
[ 2882202ms] [ERROR] Failed to load resource: the server responded with a status of 401 (Unauthorized) @ http://localhost/saas-ugcBKP/api/track_time.php:0
[ 2941984ms] [ERROR] Failed to load resource: the server responded with a status of 401 (Unauthorized) @ http://localhost/saas-ugcBKP/api/track_time.php:0
[ 3001647ms] [ERROR] Failed to load resource: the server responded with a status of 401 (Unauthorized) @ http://localhost/saas-ugcBKP/api/track_time.php:0
[ 3031907ms] [ERROR] Failed to load resource: the server responded with a status of 401 (Unauthorized) @ http://localhost/saas-ugcBKP/api/track_time.php:0
[ 3094882ms] [ERROR] Failed to load resource: the server responded with a status of 401 (Unauthorized) @ http://localhost/saas-ugcBKP/api/track_time.php:0
[ 3151750ms] [ERROR] Failed to load resource: the server responded with a status of 401 (Unauthorized) @ http://localhost/saas-ugcBKP/api/track_time.php:0
[ 3183053ms] [ERROR] Failed to load resource: the server responded with a status of 401 (Unauthorized) @ http://localhost/saas-ugcBKP/api/track_time.php:0
[ 3241935ms] [ERROR] Failed to load resource: the server responded with a status of 401 (Unauthorized) @ http://localhost/saas-ugcBKP/api/track_time.php:0
[ 3274087ms] [ERROR] Failed to load resource: the server responded with a status of 401 (Unauthorized) @ http://localhost/saas-ugcBKP/api/track_time.php:0
[ 3302128ms] [ERROR] Failed to load resource: the server responded with a status of 401 (Unauthorized) @ http://localhost/saas-ugcBKP/api/track_time.php:0
[ 3331961ms] [ERROR] Failed to load resource: the server responded with a status of 401 (Unauthorized) @ http://localhost/saas-ugcBKP/api/track_time.php:0
[ 3391950ms] [ERROR] Failed to load resource: the server responded with a status of 401 (Unauthorized) @ http://localhost/saas-ugcBKP/api/track_time.php:0
[ 3453192ms] [ERROR] Failed to load resource: the server responded with a status of 401 (Unauthorized) @ http://localhost/saas-ugcBKP/api/track_time.php:0
[ 3482783ms] [ERROR] Failed to load resource: the server responded with a status of 401 (Unauthorized) @ http://localhost/saas-ugcBKP/api/track_time.php:0
[ 3541727ms] [ERROR] Failed to load resource: the server responded with a status of 401 (Unauthorized) @ http://localhost/saas-ugcBKP/api/track_time.php:0
[ 3601491ms] [ERROR] Failed to load resource: the server responded with a status of 401 (Unauthorized) @ http://localhost/saas-ugcBKP/api/track_time.php:0
[ 3661794ms] [ERROR] Failed to load resource: the server responded with a status of 401 (Unauthorized) @ http://localhost/saas-ugcBKP/api/track_time.php:0
[ 3692910ms] [ERROR] Failed to load resource: the server responded with a status of 401 (Unauthorized) @ http://localhost/saas-ugcBKP/api/track_time.php:0
[ 3751893ms] [ERROR] Failed to load resource: the server responded with a status of 401 (Unauthorized) @ http://localhost/saas-ugcBKP/api/track_time.php:0
[ 3782592ms] [ERROR] Failed to load resource: the server responded with a status of 401 (Unauthorized) @ http://localhost/saas-ugcBKP/api/track_time.php:0
[ 3841813ms] [ERROR] Failed to load resource: the server responded with a status of 401 (Unauthorized) @ http://localhost/saas-ugcBKP/api/track_time.php:0
[ 3901710ms] [ERROR] Failed to load resource: the server responded with a status of 401 (Unauthorized) @ http://localhost/saas-ugcBKP/api/track_time.php:0
[ 3961714ms] [ERROR] Failed to load resource: the server responded with a status of 401 (Unauthorized) @ http://localhost/saas-ugcBKP/api/track_time.php:0
[ 3992805ms] [ERROR] Failed to load resource: the server responded with a status of 401 (Unauthorized) @ http://localhost/saas-ugcBKP/api/track_time.php:0
[ 4052038ms] [ERROR] Failed to load resource: the server responded with a status of 401 (Unauthorized) @ http://localhost/saas-ugcBKP/api/track_time.php:0
[ 4111960ms] [ERROR] Failed to load resource: the server responded with a status of 401 (Unauthorized) @ http://localhost/saas-ugcBKP/api/track_time.php:0
[ 4171733ms] [ERROR] Failed to load resource: the server responded with a status of 401 (Unauthorized) @ http://localhost/saas-ugcBKP/api/track_time.php:0
[ 4201838ms] [ERROR] Failed to load resource: the server responded with a status of 401 (Unauthorized) @ http://localhost/saas-ugcBKP/api/track_time.php:0
[ 4261741ms] [ERROR] Failed to load resource: the server responded with a status of 401 (Unauthorized) @ http://localhost/saas-ugcBKP/api/track_time.php:0
[ 4291956ms] [ERROR] Failed to load resource: the server responded with a status of 401 (Unauthorized) @ http://localhost/saas-ugcBKP/api/track_time.php:0
[ 4351861ms] [ERROR] Failed to load resource: the server responded with a status of 401 (Unauthorized) @ http://localhost/saas-ugcBKP/api/track_time.php:0
[ 4381655ms] [ERROR] Failed to load resource: the server responded with a status of 401 (Unauthorized) @ http://localhost/saas-ugcBKP/api/track_time.php:0
[ 4411676ms] [ERROR] Failed to load resource: the server responded with a status of 401 (Unauthorized) @ http://localhost/saas-ugcBKP/api/track_time.php:0
[ 4471867ms] [ERROR] Failed to load resource: the server responded with a status of 401 (Unauthorized) @ http://localhost/saas-ugcBKP/api/track_time.php:0
[ 4502463ms] [ERROR] Failed to load resource: the server responded with a status of 401 (Unauthorized) @ http://localhost/saas-ugcBKP/api/track_time.php:0
[ 4563255ms] [ERROR] Failed to load resource: the server responded with a status of 401 (Unauthorized) @ http://localhost/saas-ugcBKP/api/track_time.php:0
[ 4591712ms] [ERROR] Failed to load resource: the server responded with a status of 401 (Unauthorized) @ http://localhost/saas-ugcBKP/api/track_time.php:0
[ 4651886ms] [ERROR] Failed to load resource: the server responded with a status of 401 (Unauthorized) @ http://localhost/saas-ugcBKP/api/track_time.php:0
[ 4722403ms] [ERROR] Failed to load resource: the server responded with a status of 500 (Internal Server Error) @ http://localhost/saas-ugcBKP/api/track_time.php:0
[ 4752411ms] [ERROR] Failed to load resource: the server responded with a status of 500 (Internal Server Error) @ http://localhost/saas-ugcBKP/api/track_time.php:0
[ 4801926ms] [ERROR] Failed to load resource: the server responded with a status of 401 (Unauthorized) @ http://localhost/saas-ugcBKP/api/track_time.php:0
[ 4861373ms] [ERROR] Failed to load resource: the server responded with a status of 401 (Unauthorized) @ http://localhost/saas-ugcBKP/api/track_time.php:0
[ 4895371ms] [ERROR] Failed to load resource: the server responded with a status of 401 (Unauthorized) @ http://localhost/saas-ugcBKP/api/track_time.php:0
[ 4921338ms] [ERROR] Failed to load resource: the server responded with a status of 401 (Unauthorized) @ http://localhost/saas-ugcBKP/api/track_time.php:0
[ 4962403ms] [ERROR] Failed to load resource: the server responded with a status of 500 (Internal Server Error) @ http://localhost/saas-ugcBKP/api/track_time.php:0
[ 5022404ms] [ERROR] Failed to load resource: the server responded with a status of 500 (Internal Server Error) @ http://localhost/saas-ugcBKP/api/track_time.php:0
[ 5071358ms] [ERROR] Failed to load resource: the server responded with a status of 401 (Unauthorized) @ http://localhost/saas-ugcBKP/api/track_time.php:0
[ 5101406ms] [ERROR] Failed to load resource: the server responded with a status of 401 (Unauthorized) @ http://localhost/saas-ugcBKP/api/track_time.php:0
[ 5161792ms] [ERROR] Failed to load resource: the server responded with a status of 401 (Unauthorized) @ http://localhost/saas-ugcBKP/api/track_time.php:0
[ 5191418ms] [ERROR] Failed to load resource: the server responded with a status of 401 (Unauthorized) @ http://localhost/saas-ugcBKP/api/track_time.php:0
[ 5221255ms] [ERROR] Failed to load resource: the server responded with a status of 401 (Unauthorized) @ http://localhost/saas-ugcBKP/api/track_time.php:0
[ 5251281ms] [ERROR] Failed to load resource: the server responded with a status of 401 (Unauthorized) @ http://localhost/saas-ugcBKP/api/track_time.php:0
[ 5311299ms] [ERROR] Failed to load resource: the server responded with a status of 401 (Unauthorized) @ http://localhost/saas-ugcBKP/api/track_time.php:0
[ 5371315ms] [ERROR] Failed to load resource: the server responded with a status of 401 (Unauthorized) @ http://localhost/saas-ugcBKP/api/track_time.php:0
[ 5401255ms] [ERROR] Failed to load resource: the server responded with a status of 401 (Unauthorized) @ http://localhost/saas-ugcBKP/api/track_time.php:0
[ 5461276ms] [ERROR] Failed to load resource: the server responded with a status of 401 (Unauthorized) @ http://localhost/saas-ugcBKP/api/track_time.php:0
[ 5521256ms] [ERROR] Failed to load resource: the server responded with a status of 401 (Unauthorized) @ http://localhost/saas-ugcBKP/api/track_time.php:0
[ 5581571ms] [ERROR] Failed to load resource: the server responded with a status of 401 (Unauthorized) @ http://localhost/saas-ugcBKP/api/track_time.php:0
[ 5646050ms] [ERROR] Failed to load resource: the server responded with a status of 401 (Unauthorized) @ http://localhost/saas-ugcBKP/api/track_time.php:0
[ 5701838ms] [ERROR] Failed to load resource: the server responded with a status of 401 (Unauthorized) @ http://localhost/saas-ugcBKP/api/track_time.php:0
