[    1818ms] [ERROR] Failed to load resource: the server responded with a status of 401 (Unauthorized) @ http://localhost/saas-ugcBKP/api/state.php:0
[    4498ms] [ERROR] Failed to load resource: the server responded with a status of 401 (Unauthorized) @ http://localhost/saas-ugcBKP/api/state.php:0
[    4498ms] [ERROR] [Sync] Erro ao salvar estado: 401 Unauthorized @ http://localhost/saas-ugcBKP/assets/js2/core/state.js:868
[   31767ms] [ERROR] Failed to load resource: the server responded with a status of 401 (Unauthorized) @ http://localhost/saas-ugcBKP/api/track_time.php:0
[   63903ms] [ERROR] Failed to load resource: the server responded with a status of 401 (Unauthorized) @ http://localhost/saas-ugcBKP/api/track_time.php:0
[  122963ms] [ERROR] Failed to load resource: the server responded with a status of 401 (Unauthorized) @ http://localhost/saas-ugcBKP/api/track_time.php:0
[  151854ms] [ERROR] Failed to load resource: the server responded with a status of 401 (Unauthorized) @ http://localhost/saas-ugcBKP/api/track_time.php:0
[  203159ms] [ERROR] Failed to load resource: the server responded with a status of 401 (Unauthorized) @ http://localhost/saas-ugcBKP/api/state.php:0
[  203159ms] [ERROR] [Sync] Erro ao salvar estado: 401 Unauthorized @ http://localhost/saas-ugcBKP/assets/js2/core/state.js:868
[  212885ms] [ERROR] Failed to load resource: the server responded with a status of 401 (Unauthorized) @ http://localhost/saas-ugcBKP/api/track_time.php:0
[  271767ms] [ERROR] Failed to load resource: the server responded with a status of 401 (Unauthorized) @ http://localhost/saas-ugcBKP/api/track_time.php:0
[  332233ms] [ERROR] Failed to load resource: the server responded with a status of 401 (Unauthorized) @ http://localhost/saas-ugcBKP/api/track_time.php:0
[  391662ms] [ERROR] Failed to load resource: the server responded with a status of 401 (Unauthorized) @ http://localhost/saas-ugcBKP/api/track_time.php:0
[  421785ms] [ERROR] Failed to load resource: the server responded with a status of 401 (Unauthorized) @ http://localhost/saas-ugcBKP/api/track_time.php:0
[  452094ms] [ERROR] Failed to load resource: the server responded with a status of 401 (Unauthorized) @ http://localhost/saas-ugcBKP/api/track_time.php:0
[  481895ms] [ERROR] Failed to load resource: the server responded with a status of 401 (Unauthorized) @ http://localhost/saas-ugcBKP/api/track_time.php:0
[  542825ms] [ERROR] Failed to load resource: the server responded with a status of 401 (Unauthorized) @ http://localhost/saas-ugcBKP/api/track_time.php:0
[  601700ms] [ERROR] Failed to load resource: the server responded with a status of 401 (Unauthorized) @ http://localhost/saas-ugcBKP/api/track_time.php:0
[  631725ms] [ERROR] Failed to load resource: the server responded with a status of 401 (Unauthorized) @ http://localhost/saas-ugcBKP/api/track_time.php:0
[  661673ms] [ERROR] Failed to load resource: the server responded with a status of 401 (Unauthorized) @ http://localhost/saas-ugcBKP/api/track_time.php:0
[  721740ms] [ERROR] Failed to load resource: the server responded with a status of 401 (Unauthorized) @ http://localhost/saas-ugcBKP/api/track_time.php:0
[  781718ms] [ERROR] Failed to load resource: the server responded with a status of 401 (Unauthorized) @ http://localhost/saas-ugcBKP/api/track_time.php:0
[  841746ms] [ERROR] Failed to load resource: the server responded with a status of 401 (Unauthorized) @ http://localhost/saas-ugcBKP/api/track_time.php:0
[  901668ms] [ERROR] Failed to load resource: the server responded with a status of 401 (Unauthorized) @ http://localhost/saas-ugcBKP/api/track_time.php:0
[  961843ms] [ERROR] Failed to load resource: the server responded with a status of 401 (Unauthorized) @ http://localhost/saas-ugcBKP/api/track_time.php:0
[  991684ms] [ERROR] Failed to load resource: the server responded with a status of 401 (Unauthorized) @ http://localhost/saas-ugcBKP/api/track_time.php:0
[ 1052053ms] [ERROR] Failed to load resource: the server responded with a status of 401 (Unauthorized) @ http://localhost/saas-ugcBKP/api/track_time.php:0
[ 1116170ms] [ERROR] Failed to load resource: the server responded with a status of 401 (Unauthorized) @ http://localhost/saas-ugcBKP/api/track_time.php:0
[ 1142183ms] [ERROR] Failed to load resource: the server responded with a status of 401 (Unauthorized) @ http://localhost/saas-ugcBKP/api/track_time.php:0
[ 1201779ms] [ERROR] Failed to load resource: the server responded with a status of 401 (Unauthorized) @ http://localhost/saas-ugcBKP/api/track_time.php:0
[ 1261863ms] [ERROR] Failed to load resource: the server responded with a status of 401 (Unauthorized) @ http://localhost/saas-ugcBKP/api/track_time.php:0
[ 1333042ms] [ERROR] Failed to load resource: the server responded with a status of 401 (Unauthorized) @ http://localhost/saas-ugcBKP/api/track_time.php:0
[ 1351668ms] [ERROR] Failed to load resource: the server responded with a status of 401 (Unauthorized) @ http://localhost/saas-ugcBKP/api/track_time.php:0
[ 1412297ms] [ERROR] Failed to load resource: the server responded with a status of 401 (Unauthorized) @ http://localhost/saas-ugcBKP/api/track_time.php:0
[ 1471318ms] [ERROR] Failed to load resource: the server responded with a status of 401 (Unauthorized) @ http://localhost/saas-ugcBKP/api/track_time.php:0
[ 1501346ms] [ERROR] Failed to load resource: the server responded with a status of 401 (Unauthorized) @ http://localhost/saas-ugcBKP/api/track_time.php:0
[ 1542424ms] [ERROR] Failed to load resource: the server responded with a status of 500 (Internal Server Error) @ http://localhost/saas-ugcBKP/api/track_time.php:0
[ 1572442ms] [ERROR] Failed to load resource: the server responded with a status of 500 (Internal Server Error) @ http://localhost/saas-ugcBKP/api/track_time.php:0
[ 1622635ms] [ERROR] Failed to load resource: the server responded with a status of 401 (Unauthorized) @ http://localhost/saas-ugcBKP/api/track_time.php:0
[ 1651322ms] [ERROR] Failed to load resource: the server responded with a status of 401 (Unauthorized) @ http://localhost/saas-ugcBKP/api/track_time.php:0
[ 1722430ms] [ERROR] Failed to load resource: the server responded with a status of 500 (Internal Server Error) @ http://localhost/saas-ugcBKP/api/track_time.php:0
[ 1741421ms] [ERROR] Failed to load resource: the server responded with a status of 401 (Unauthorized) @ http://localhost/saas-ugcBKP/api/track_time.php:0
[ 1771300ms] [ERROR] Failed to load resource: the server responded with a status of 401 (Unauthorized) @ http://localhost/saas-ugcBKP/api/track_time.php:0
[ 1831331ms] [ERROR] Failed to load resource: the server responded with a status of 401 (Unauthorized) @ http://localhost/saas-ugcBKP/api/track_time.php:0
[ 1891437ms] [ERROR] Failed to load resource: the server responded with a status of 401 (Unauthorized) @ http://localhost/saas-ugcBKP/api/track_time.php:0
[ 1921273ms] [ERROR] Failed to load resource: the server responded with a status of 401 (Unauthorized) @ http://localhost/saas-ugcBKP/api/track_time.php:0
[ 1951292ms] [ERROR] Failed to load resource: the server responded with a status of 401 (Unauthorized) @ http://localhost/saas-ugcBKP/api/track_time.php:0
[ 2011310ms] [ERROR] Failed to load resource: the server responded with a status of 401 (Unauthorized) @ http://localhost/saas-ugcBKP/api/track_time.php:0
[ 2041285ms] [ERROR] Failed to load resource: the server responded with a status of 401 (Unauthorized) @ http://localhost/saas-ugcBKP/api/track_time.php:0
[ 2101318ms] [ERROR] Failed to load resource: the server responded with a status of 401 (Unauthorized) @ http://localhost/saas-ugcBKP/api/track_time.php:0
[ 2131356ms] [ERROR] Failed to load resource: the server responded with a status of 401 (Unauthorized) @ http://localhost/saas-ugcBKP/api/track_time.php:0
[ 2161327ms] [ERROR] Failed to load resource: the server responded with a status of 401 (Unauthorized) @ http://localhost/saas-ugcBKP/api/track_time.php:0
[ 2221297ms] [ERROR] Failed to load resource: the server responded with a status of 401 (Unauthorized) @ http://localhost/saas-ugcBKP/api/track_time.php:0
[ 2281788ms] [ERROR] Failed to load resource: the server responded with a status of 401 (Unauthorized) @ http://localhost/saas-ugcBKP/api/track_time.php:0
