[    1106ms] [VERBOSE] [DOM] Input elements should have autocomplete attributes (suggested: "current-password"): (More info: https://goo.gl/9p2vKq) %o @ http://localhost/saas-ugc/app.html:0
[    1883ms] [ERROR] Failed to load resource: the server responded with a status of 401 (Unauthorized) @ http://localhost/saas-ugc/api/state.php:0
[    1890ms] [LOG] [App] Estado do servidor carregado @ http://localhost/saas-ugc/assets/js2/app.js?v=20260325a:289
[    2791ms] [LOG] [Sync] Salvando estado no servidor... @ http://localhost/saas-ugc/assets/js2/core/state.js:946
[    3419ms] [ERROR] Failed to load resource: the server responded with a status of 401 (Unauthorized) @ http://localhost/saas-ugc/api/state.php:0
[    3420ms] [ERROR] [Sync] Erro ao salvar estado: 401 Unauthorized @ http://localhost/saas-ugc/assets/js2/core/state.js:954
[   31689ms] [ERROR] Failed to load resource: the server responded with a status of 401 (Unauthorized) @ http://localhost/saas-ugc/api/track_time.php:0
[   61791ms] [ERROR] Failed to load resource: the server responded with a status of 401 (Unauthorized) @ http://localhost/saas-ugc/api/track_time.php:0
[  121632ms] [ERROR] Failed to load resource: the server responded with a status of 401 (Unauthorized) @ http://localhost/saas-ugc/api/track_time.php:0
[  181617ms] [ERROR] Failed to load resource: the server responded with a status of 401 (Unauthorized) @ http://localhost/saas-ugc/api/track_time.php:0
[  211912ms] [ERROR] Failed to load resource: the server responded with a status of 401 (Unauthorized) @ http://localhost/saas-ugc/api/track_time.php:0
[  271960ms] [ERROR] Failed to load resource: the server responded with a status of 401 (Unauthorized) @ http://localhost/saas-ugc/api/track_time.php:0
[  301823ms] [ERROR] Failed to load resource: the server responded with a status of 401 (Unauthorized) @ http://localhost/saas-ugc/api/track_time.php:0
[  362038ms] [ERROR] Failed to load resource: the server responded with a status of 401 (Unauthorized) @ http://localhost/saas-ugc/api/track_time.php:0
[  391939ms] [ERROR] Failed to load resource: the server responded with a status of 401 (Unauthorized) @ http://localhost/saas-ugc/api/track_time.php:0
[  451745ms] [ERROR] Failed to load resource: the server responded with a status of 401 (Unauthorized) @ http://localhost/saas-ugc/api/track_time.php:0
[  481849ms] [ERROR] Failed to load resource: the server responded with a status of 401 (Unauthorized) @ http://localhost/saas-ugc/api/track_time.php:0
[  511748ms] [ERROR] Failed to load resource: the server responded with a status of 401 (Unauthorized) @ http://localhost/saas-ugc/api/track_time.php:0
[  571962ms] [ERROR] Failed to load resource: the server responded with a status of 401 (Unauthorized) @ http://localhost/saas-ugc/api/track_time.php:0
[  631869ms] [ERROR] Failed to load resource: the server responded with a status of 401 (Unauthorized) @ http://localhost/saas-ugc/api/track_time.php:0
[  691671ms] [ERROR] Failed to load resource: the server responded with a status of 401 (Unauthorized) @ http://localhost/saas-ugc/api/track_time.php:0
[  721881ms] [ERROR] Failed to load resource: the server responded with a status of 401 (Unauthorized) @ http://localhost/saas-ugc/api/track_time.php:0
[  781786ms] [ERROR] Failed to load resource: the server responded with a status of 401 (Unauthorized) @ http://localhost/saas-ugc/api/track_time.php:0
[  812308ms] [ERROR] Failed to load resource: the server responded with a status of 401 (Unauthorized) @ http://localhost/saas-ugc/api/track_time.php:0
[  841794ms] [ERROR] Failed to load resource: the server responded with a status of 401 (Unauthorized) @ http://localhost/saas-ugc/api/track_time.php:0
[  901901ms] [ERROR] Failed to load resource: the server responded with a status of 401 (Unauthorized) @ http://localhost/saas-ugc/api/track_time.php:0
[  931736ms] [ERROR] Failed to load resource: the server responded with a status of 401 (Unauthorized) @ http://localhost/saas-ugc/api/track_time.php:0
[  993049ms] [ERROR] Failed to load resource: the server responded with a status of 401 (Unauthorized) @ http://localhost/saas-ugc/api/track_time.php:0
[ 1021891ms] [ERROR] Failed to load resource: the server responded with a status of 401 (Unauthorized) @ http://localhost/saas-ugc/api/track_time.php:0
[ 1081713ms] [ERROR] Failed to load resource: the server responded with a status of 401 (Unauthorized) @ http://localhost/saas-ugc/api/track_time.php:0
[ 1111673ms] [ERROR] Failed to load resource: the server responded with a status of 401 (Unauthorized) @ http://localhost/saas-ugc/api/track_time.php:0
[ 1141733ms] [ERROR] Failed to load resource: the server responded with a status of 401 (Unauthorized) @ http://localhost/saas-ugc/api/track_time.php:0
[ 1172516ms] [ERROR] Failed to load resource: the server responded with a status of 401 (Unauthorized) @ http://localhost/saas-ugc/api/track_time.php:0
[ 1201844ms] [ERROR] Failed to load resource: the server responded with a status of 401 (Unauthorized) @ http://localhost/saas-ugc/api/track_time.php:0
[ 1261724ms] [ERROR] Failed to load resource: the server responded with a status of 401 (Unauthorized) @ http://localhost/saas-ugc/api/track_time.php:0
[ 1321758ms] [ERROR] Failed to load resource: the server responded with a status of 401 (Unauthorized) @ http://localhost/saas-ugc/api/track_time.php:0
[ 1381868ms] [ERROR] Failed to load resource: the server responded with a status of 401 (Unauthorized) @ http://localhost/saas-ugc/api/track_time.php:0
[ 1411770ms] [ERROR] Failed to load resource: the server responded with a status of 401 (Unauthorized) @ http://localhost/saas-ugc/api/track_time.php:0
[ 1471881ms] [ERROR] Failed to load resource: the server responded with a status of 401 (Unauthorized) @ http://localhost/saas-ugc/api/track_time.php:0
[ 1531787ms] [ERROR] Failed to load resource: the server responded with a status of 401 (Unauthorized) @ http://localhost/saas-ugc/api/track_time.php:0
[ 1561791ms] [ERROR] Failed to load resource: the server responded with a status of 401 (Unauthorized) @ http://localhost/saas-ugc/api/track_time.php:0
[ 1621798ms] [ERROR] Failed to load resource: the server responded with a status of 401 (Unauthorized) @ http://localhost/saas-ugc/api/track_time.php:0
[ 1681806ms] [ERROR] Failed to load resource: the server responded with a status of 401 (Unauthorized) @ http://localhost/saas-ugc/api/track_time.php:0
[ 1741817ms] [ERROR] Failed to load resource: the server responded with a status of 401 (Unauthorized) @ http://localhost/saas-ugc/api/track_time.php:0
[ 1771716ms] [ERROR] Failed to load resource: the server responded with a status of 401 (Unauthorized) @ http://localhost/saas-ugc/api/track_time.php:0
[ 1831678ms] [ERROR] Failed to load resource: the server responded with a status of 401 (Unauthorized) @ http://localhost/saas-ugc/api/track_time.php:0
[ 1891836ms] [ERROR] Failed to load resource: the server responded with a status of 401 (Unauthorized) @ http://localhost/saas-ugc/api/track_time.php:0
[ 1951658ms] [ERROR] Failed to load resource: the server responded with a status of 401 (Unauthorized) @ http://localhost/saas-ugc/api/track_time.php:0
[ 2011852ms] [ERROR] Failed to load resource: the server responded with a status of 401 (Unauthorized) @ http://localhost/saas-ugc/api/track_time.php:0
[ 2071862ms] [ERROR] Failed to load resource: the server responded with a status of 401 (Unauthorized) @ http://localhost/saas-ugc/api/track_time.php:0
[ 2101762ms] [ERROR] Failed to load resource: the server responded with a status of 401 (Unauthorized) @ http://localhost/saas-ugc/api/track_time.php:0
[ 2131767ms] [ERROR] Failed to load resource: the server responded with a status of 401 (Unauthorized) @ http://localhost/saas-ugc/api/track_time.php:0
[ 2161771ms] [ERROR] Failed to load resource: the server responded with a status of 401 (Unauthorized) @ http://localhost/saas-ugc/api/track_time.php:0
[ 2221675ms] [ERROR] Failed to load resource: the server responded with a status of 401 (Unauthorized) @ http://localhost/saas-ugc/api/track_time.php:0
[ 2251988ms] [ERROR] Failed to load resource: the server responded with a status of 401 (Unauthorized) @ http://localhost/saas-ugc/api/track_time.php:0
[ 2281698ms] [ERROR] Failed to load resource: the server responded with a status of 401 (Unauthorized) @ http://localhost/saas-ugc/api/track_time.php:0
[ 2311848ms] [ERROR] Failed to load resource: the server responded with a status of 401 (Unauthorized) @ http://localhost/saas-ugc/api/track_time.php:0
[ 2371697ms] [ERROR] Failed to load resource: the server responded with a status of 401 (Unauthorized) @ http://localhost/saas-ugc/api/track_time.php:0
[ 2431810ms] [ERROR] Failed to load resource: the server responded with a status of 401 (Unauthorized) @ http://localhost/saas-ugc/api/track_time.php:0
[ 2491790ms] [ERROR] Failed to load resource: the server responded with a status of 401 (Unauthorized) @ http://localhost/saas-ugc/api/track_time.php:0
[ 2551835ms] [ERROR] Failed to load resource: the server responded with a status of 401 (Unauthorized) @ http://localhost/saas-ugc/api/track_time.php:0
[ 2581731ms] [ERROR] Failed to load resource: the server responded with a status of 401 (Unauthorized) @ http://localhost/saas-ugc/api/track_time.php:0
[ 2611729ms] [ERROR] Failed to load resource: the server responded with a status of 401 (Unauthorized) @ http://localhost/saas-ugc/api/track_time.php:0
[ 2671737ms] [ERROR] Failed to load resource: the server responded with a status of 401 (Unauthorized) @ http://localhost/saas-ugc/api/track_time.php:0
[ 2701741ms] [ERROR] Failed to load resource: the server responded with a status of 401 (Unauthorized) @ http://localhost/saas-ugc/api/track_time.php:0
[ 2731745ms] [ERROR] Failed to load resource: the server responded with a status of 401 (Unauthorized) @ http://localhost/saas-ugc/api/track_time.php:0
[ 2791833ms] [ERROR] Failed to load resource: the server responded with a status of 401 (Unauthorized) @ http://localhost/saas-ugc/api/track_time.php:0
[ 2851873ms] [ERROR] Failed to load resource: the server responded with a status of 401 (Unauthorized) @ http://localhost/saas-ugc/api/track_time.php:0
[ 2911770ms] [ERROR] Failed to load resource: the server responded with a status of 401 (Unauthorized) @ http://localhost/saas-ugc/api/track_time.php:0
[ 2941979ms] [ERROR] Failed to load resource: the server responded with a status of 401 (Unauthorized) @ http://localhost/saas-ugc/api/track_time.php:0
[ 3002091ms] [ERROR] Failed to load resource: the server responded with a status of 401 (Unauthorized) @ http://localhost/saas-ugc/api/track_time.php:0
[ 3061705ms] [ERROR] Failed to load resource: the server responded with a status of 401 (Unauthorized) @ http://localhost/saas-ugc/api/track_time.php:0
[ 3091642ms] [ERROR] Failed to load resource: the server responded with a status of 401 (Unauthorized) @ http://localhost/saas-ugc/api/track_time.php:0
[ 3121633ms] [ERROR] Failed to load resource: the server responded with a status of 401 (Unauthorized) @ http://localhost/saas-ugc/api/track_time.php:0
[ 3181630ms] [ERROR] Failed to load resource: the server responded with a status of 401 (Unauthorized) @ http://localhost/saas-ugc/api/track_time.php:0
[ 3241780ms] [ERROR] Failed to load resource: the server responded with a status of 401 (Unauthorized) @ http://localhost/saas-ugc/api/track_time.php:0
[ 3301603ms] [ERROR] Failed to load resource: the server responded with a status of 401 (Unauthorized) @ http://localhost/saas-ugc/api/track_time.php:0
[ 3361890ms] [ERROR] Failed to load resource: the server responded with a status of 401 (Unauthorized) @ http://localhost/saas-ugc/api/track_time.php:0
[ 3391645ms] [ERROR] Failed to load resource: the server responded with a status of 401 (Unauthorized) @ http://localhost/saas-ugc/api/track_time.php:0
[ 3421539ms] [ERROR] Failed to load resource: the server responded with a status of 401 (Unauthorized) @ http://localhost/saas-ugc/api/track_time.php:0
[ 3451702ms] [ERROR] Failed to load resource: the server responded with a status of 401 (Unauthorized) @ http://localhost/saas-ugc/api/track_time.php:0
[ 3511707ms] [ERROR] Failed to load resource: the server responded with a status of 401 (Unauthorized) @ http://localhost/saas-ugc/api/track_time.php:0
[ 3571793ms] [ERROR] Failed to load resource: the server responded with a status of 401 (Unauthorized) @ http://localhost/saas-ugc/api/track_time.php:0
[ 3631742ms] [ERROR] Failed to load resource: the server responded with a status of 401 (Unauthorized) @ http://localhost/saas-ugc/api/track_time.php:0
[ 3691900ms] [ERROR] Failed to load resource: the server responded with a status of 401 (Unauthorized) @ http://localhost/saas-ugc/api/track_time.php:0
[ 3751611ms] [ERROR] Failed to load resource: the server responded with a status of 401 (Unauthorized) @ http://localhost/saas-ugc/api/track_time.php:0
[ 3781736ms] [ERROR] Failed to load resource: the server responded with a status of 401 (Unauthorized) @ http://localhost/saas-ugc/api/track_time.php:0
[ 3841577ms] [ERROR] Failed to load resource: the server responded with a status of 401 (Unauthorized) @ http://localhost/saas-ugc/api/track_time.php:0
[ 3901653ms] [ERROR] Failed to load resource: the server responded with a status of 401 (Unauthorized) @ http://localhost/saas-ugc/api/track_time.php:0
[ 3931674ms] [ERROR] Failed to load resource: the server responded with a status of 401 (Unauthorized) @ http://localhost/saas-ugc/api/track_time.php:0
[ 3991759ms] [ERROR] Failed to load resource: the server responded with a status of 401 (Unauthorized) @ http://localhost/saas-ugc/api/track_time.php:0
[ 4051655ms] [ERROR] Failed to load resource: the server responded with a status of 401 (Unauthorized) @ http://localhost/saas-ugc/api/track_time.php:0
[ 4081666ms] [ERROR] Failed to load resource: the server responded with a status of 401 (Unauthorized) @ http://localhost/saas-ugc/api/track_time.php:0
[ 4111686ms] [ERROR] Failed to load resource: the server responded with a status of 401 (Unauthorized) @ http://localhost/saas-ugc/api/track_time.php:0
[ 4171723ms] [ERROR] Failed to load resource: the server responded with a status of 401 (Unauthorized) @ http://localhost/saas-ugc/api/track_time.php:0
[ 4231973ms] [ERROR] Failed to load resource: the server responded with a status of 401 (Unauthorized) @ http://localhost/saas-ugc/api/track_time.php:0
[ 4261753ms] [ERROR] Failed to load resource: the server responded with a status of 401 (Unauthorized) @ http://localhost/saas-ugc/api/track_time.php:0
[ 4321691ms] [ERROR] Failed to load resource: the server responded with a status of 401 (Unauthorized) @ http://localhost/saas-ugc/api/track_time.php:0
[ 4381743ms] [ERROR] Failed to load resource: the server responded with a status of 401 (Unauthorized) @ http://localhost/saas-ugc/api/track_time.php:0
[ 4441740ms] [ERROR] Failed to load resource: the server responded with a status of 401 (Unauthorized) @ http://localhost/saas-ugc/api/track_time.php:0
[ 4471979ms] [ERROR] Failed to load resource: the server responded with a status of 401 (Unauthorized) @ http://localhost/saas-ugc/api/track_time.php:0
[ 4501669ms] [ERROR] Failed to load resource: the server responded with a status of 401 (Unauthorized) @ http://localhost/saas-ugc/api/track_time.php:0
[ 4561643ms] [ERROR] Failed to load resource: the server responded with a status of 401 (Unauthorized) @ http://localhost/saas-ugc/api/track_time.php:0
[ 4591594ms] [ERROR] Failed to load resource: the server responded with a status of 401 (Unauthorized) @ http://localhost/saas-ugc/api/track_time.php:0
[ 4621688ms] [ERROR] Failed to load resource: the server responded with a status of 401 (Unauthorized) @ http://localhost/saas-ugc/api/track_time.php:0
[ 4651736ms] [ERROR] Failed to load resource: the server responded with a status of 401 (Unauthorized) @ http://localhost/saas-ugc/api/track_time.php:0
[ 4681691ms] [ERROR] Failed to load resource: the server responded with a status of 401 (Unauthorized) @ http://localhost/saas-ugc/api/track_time.php:0
[ 4741608ms] [ERROR] Failed to load resource: the server responded with a status of 401 (Unauthorized) @ http://localhost/saas-ugc/api/track_time.php:0
[ 4771705ms] [ERROR] Failed to load resource: the server responded with a status of 401 (Unauthorized) @ http://localhost/saas-ugc/api/track_time.php:0
[ 4831761ms] [ERROR] Failed to load resource: the server responded with a status of 401 (Unauthorized) @ http://localhost/saas-ugc/api/track_time.php:0
[ 4861662ms] [ERROR] Failed to load resource: the server responded with a status of 401 (Unauthorized) @ http://localhost/saas-ugc/api/track_time.php:0
[ 4891812ms] [ERROR] Failed to load resource: the server responded with a status of 401 (Unauthorized) @ http://localhost/saas-ugc/api/track_time.php:0
[ 4951732ms] [ERROR] Failed to load resource: the server responded with a status of 401 (Unauthorized) @ http://localhost/saas-ugc/api/track_time.php:0
[ 5011600ms] [ERROR] Failed to load resource: the server responded with a status of 401 (Unauthorized) @ http://localhost/saas-ugc/api/track_time.php:0
[ 5071741ms] [ERROR] Failed to load resource: the server responded with a status of 401 (Unauthorized) @ http://localhost/saas-ugc/api/track_time.php:0
[ 5131704ms] [ERROR] Failed to load resource: the server responded with a status of 401 (Unauthorized) @ http://localhost/saas-ugc/api/track_time.php:0
[ 5191630ms] [ERROR] Failed to load resource: the server responded with a status of 401 (Unauthorized) @ http://localhost/saas-ugc/api/track_time.php:0
[ 5221719ms] [ERROR] Failed to load resource: the server responded with a status of 401 (Unauthorized) @ http://localhost/saas-ugc/api/track_time.php:0
[ 5281748ms] [ERROR] Failed to load resource: the server responded with a status of 401 (Unauthorized) @ http://localhost/saas-ugc/api/track_time.php:0
[ 5311641ms] [ERROR] Failed to load resource: the server responded with a status of 401 (Unauthorized) @ http://localhost/saas-ugc/api/track_time.php:0
[ 5371726ms] [ERROR] Failed to load resource: the server responded with a status of 401 (Unauthorized) @ http://localhost/saas-ugc/api/track_time.php:0
[ 5401632ms] [ERROR] Failed to load resource: the server responded with a status of 401 (Unauthorized) @ http://localhost/saas-ugc/api/track_time.php:0
[ 5431692ms] [ERROR] Failed to load resource: the server responded with a status of 401 (Unauthorized) @ http://localhost/saas-ugc/api/track_time.php:0
[ 5461627ms] [ERROR] Failed to load resource: the server responded with a status of 401 (Unauthorized) @ http://localhost/saas-ugc/api/track_time.php:0
[ 5521616ms] [ERROR] Failed to load resource: the server responded with a status of 401 (Unauthorized) @ http://localhost/saas-ugc/api/track_time.php:0
[ 5551756ms] [ERROR] Failed to load resource: the server responded with a status of 401 (Unauthorized) @ http://localhost/saas-ugc/api/track_time.php:0
[ 5611719ms] [ERROR] Failed to load resource: the server responded with a status of 401 (Unauthorized) @ http://localhost/saas-ugc/api/track_time.php:0
[ 5641611ms] [ERROR] Failed to load resource: the server responded with a status of 401 (Unauthorized) @ http://localhost/saas-ugc/api/track_time.php:0
[ 5701633ms] [ERROR] Failed to load resource: the server responded with a status of 401 (Unauthorized) @ http://localhost/saas-ugc/api/track_time.php:0
[ 5731650ms] [ERROR] Failed to load resource: the server responded with a status of 401 (Unauthorized) @ http://localhost/saas-ugc/api/track_time.php:0
[ 5791723ms] [ERROR] Failed to load resource: the server responded with a status of 401 (Unauthorized) @ http://localhost/saas-ugc/api/track_time.php:0
[ 5851762ms] [ERROR] Failed to load resource: the server responded with a status of 401 (Unauthorized) @ http://localhost/saas-ugc/api/track_time.php:0
[ 5911692ms] [ERROR] Failed to load resource: the server responded with a status of 401 (Unauthorized) @ http://localhost/saas-ugc/api/track_time.php:0
