[    1116ms] [VERBOSE] [DOM] Input elements should have autocomplete attributes (suggested: "current-password"): (More info: https://goo.gl/9p2vKq) %o @ http://localhost/saas-ugc/app.html?section=brands&qa=flow3:0
[    1165ms] [LOG] [App] Estado do servidor carregado @ http://localhost/saas-ugc/assets/js2/app.js?v=20260501a:408
[    2071ms] [LOG] [Sync] Salvando estado no servidor... @ http://localhost/saas-ugc/assets/js2/core/state.js:959
[    2077ms] [ERROR] [Sync] Falha ao salvar estado no servidor: TypeError: Cannot read properties of null (reading 'success')
    at flushRemoteSave (http://localhost/saas-ugc/assets/js2/core/state.js:971:16) @ http://localhost/saas-ugc/assets/js2/core/state.js:977
[   31126ms] [ERROR] Failed to load resource: the server responded with a status of 401 (Unauthorized) @ http://localhost/saas-ugc/api/track_time.php:0
[   61130ms] [ERROR] Failed to load resource: the server responded with a status of 401 (Unauthorized) @ http://localhost/saas-ugc/api/track_time.php:0
[  121132ms] [ERROR] Failed to load resource: the server responded with a status of 401 (Unauthorized) @ http://localhost/saas-ugc/api/track_time.php:0
[  181128ms] [ERROR] Failed to load resource: the server responded with a status of 401 (Unauthorized) @ http://localhost/saas-ugc/api/track_time.php:0
[  241124ms] [ERROR] Failed to load resource: the server responded with a status of 401 (Unauthorized) @ http://localhost/saas-ugc/api/track_time.php:0
[  271127ms] [ERROR] Failed to load resource: the server responded with a status of 401 (Unauthorized) @ http://localhost/saas-ugc/api/track_time.php:0
[  331126ms] [ERROR] Failed to load resource: the server responded with a status of 401 (Unauthorized) @ http://localhost/saas-ugc/api/track_time.php:0
[  361131ms] [ERROR] Failed to load resource: the server responded with a status of 401 (Unauthorized) @ http://localhost/saas-ugc/api/track_time.php:0
[  369599ms] [WARNING] [renderAll] brands falhou TypeError: Cannot read properties of null (reading 'date')
    at http://localhost/saas-ugc/assets/js2/core/renderers.js?v=20260501a:2334:41
    at Array.map (<anonymous>)
    at renderBrands (http://localhost/saas-ugc/assets/js2/core/renderers.js?v=20260501a:2318:33)
    at run (http://localhost/saas-ugc/assets/js2/core/renderers.js?v=20260501a:3362:7)
    at renderAll (http://localhost/saas-ugc/assets/js2/core/renderers.js?v=20260501a:3372:3)
    at HTMLFormElement.handleBrandSubmit (http://localhost/saas-ugc/assets/js2/features/brands/modal.js?v=20260501a:330:3) @ http://localhost/saas-ugc/assets/js2/core/renderers.js?v=20260501a:3363
[  370508ms] [LOG] [Sync] Salvando estado no servidor... @ http://localhost/saas-ugc/assets/js2/core/state.js:959
[  370521ms] [ERROR] [Sync] Falha ao salvar estado no servidor: TypeError: Cannot read properties of null (reading 'success')
    at flushRemoteSave (http://localhost/saas-ugc/assets/js2/core/state.js:971:16) @ http://localhost/saas-ugc/assets/js2/core/state.js:977
[  421130ms] [ERROR] Failed to load resource: the server responded with a status of 401 (Unauthorized) @ http://localhost/saas-ugc/api/track_time.php:0
[  481127ms] [ERROR] Failed to load resource: the server responded with a status of 401 (Unauthorized) @ http://localhost/saas-ugc/api/track_time.php:0
[  541119ms] [ERROR] Failed to load resource: the server responded with a status of 401 (Unauthorized) @ http://localhost/saas-ugc/api/track_time.php:0
[  571119ms] [ERROR] Failed to load resource: the server responded with a status of 401 (Unauthorized) @ http://localhost/saas-ugc/api/track_time.php:0
[  631119ms] [ERROR] Failed to load resource: the server responded with a status of 401 (Unauthorized) @ http://localhost/saas-ugc/api/track_time.php:0
[  661133ms] [ERROR] Failed to load resource: the server responded with a status of 401 (Unauthorized) @ http://localhost/saas-ugc/api/track_time.php:0
[  721129ms] [ERROR] Failed to load resource: the server responded with a status of 401 (Unauthorized) @ http://localhost/saas-ugc/api/track_time.php:0
