[     399ms] [VERBOSE] [DOM] Input elements should have autocomplete attributes (suggested: "current-password"): (More info: https://goo.gl/9p2vKq) %o @ http://localhost/saas-ugc/app.html:0
[    1108ms] [ERROR] Failed to load resource: the server responded with a status of 401 (Unauthorized) @ http://localhost/saas-ugc/api/state.php:0
[    1114ms] [LOG] [App] Estado do servidor carregado @ http://localhost/saas-ugc/assets/js2/app.js?v=20260325a:289
[    2025ms] [LOG] [Sync] Salvando estado no servidor... @ http://localhost/saas-ugc/assets/js2/core/state.js:946
[    2552ms] [ERROR] Failed to load resource: the server responded with a status of 401 (Unauthorized) @ http://localhost/saas-ugc/api/state.php:0
[    2552ms] [ERROR] [Sync] Erro ao salvar estado: 401 Unauthorized @ http://localhost/saas-ugc/assets/js2/core/state.js:954
[   31097ms] [ERROR] Failed to load resource: the server responded with a status of 401 (Unauthorized) @ http://localhost/saas-ugc/api/track_time.php:0
[   41327ms] [LOG] [Sync] Salvando estado no servidor... @ http://localhost/saas-ugc/assets/js2/core/state.js:946
[   41916ms] [ERROR] Failed to load resource: the server responded with a status of 401 (Unauthorized) @ http://localhost/saas-ugc/api/state.php:0
[   41917ms] [ERROR] [Sync] Erro ao salvar estado: 401 Unauthorized @ http://localhost/saas-ugc/assets/js2/core/state.js:954
[   90965ms] [ERROR] Failed to load resource: the server responded with a status of 401 (Unauthorized) @ http://localhost/saas-ugc/api/track_time.php:0
[  151066ms] [ERROR] Failed to load resource: the server responded with a status of 401 (Unauthorized) @ http://localhost/saas-ugc/api/track_time.php:0
[  211040ms] [ERROR] Failed to load resource: the server responded with a status of 401 (Unauthorized) @ http://localhost/saas-ugc/api/track_time.php:0
[  241004ms] [ERROR] Failed to load resource: the server responded with a status of 401 (Unauthorized) @ http://localhost/saas-ugc/api/track_time.php:0
[  271080ms] [ERROR] Failed to load resource: the server responded with a status of 401 (Unauthorized) @ http://localhost/saas-ugc/api/track_time.php:0
[  301058ms] [ERROR] Failed to load resource: the server responded with a status of 401 (Unauthorized) @ http://localhost/saas-ugc/api/track_time.php:0
[  361166ms] [ERROR] Failed to load resource: the server responded with a status of 401 (Unauthorized) @ http://localhost/saas-ugc/api/track_time.php:0
[  390955ms] [ERROR] Failed to load resource: the server responded with a status of 401 (Unauthorized) @ http://localhost/saas-ugc/api/track_time.php:0
[  421177ms] [ERROR] Failed to load resource: the server responded with a status of 401 (Unauthorized) @ http://localhost/saas-ugc/api/track_time.php:0
[  450912ms] [ERROR] Failed to load resource: the server responded with a status of 401 (Unauthorized) @ http://localhost/saas-ugc/api/track_time.php:0
[  510963ms] [ERROR] Failed to load resource: the server responded with a status of 401 (Unauthorized) @ http://localhost/saas-ugc/api/track_time.php:0
[  540948ms] [ERROR] Failed to load resource: the server responded with a status of 401 (Unauthorized) @ http://localhost/saas-ugc/api/track_time.php:0
[  584082ms] [VERBOSE] [DOM] Input elements should have autocomplete attributes (suggested: "current-password"): (More info: https://goo.gl/9p2vKq) %o @ http://localhost/saas-ugc/app.html:0
[  584694ms] [ERROR] Failed to load resource: the server responded with a status of 401 (Unauthorized) @ http://localhost/saas-ugc/api/state.php:0
[  584699ms] [LOG] [App] Estado do servidor carregado @ http://localhost/saas-ugc/assets/js2/app.js?v=20260325a:289
[  585601ms] [LOG] [Sync] Salvando estado no servidor... @ http://localhost/saas-ugc/assets/js2/core/state.js:946
[  586141ms] [ERROR] Failed to load resource: the server responded with a status of 401 (Unauthorized) @ http://localhost/saas-ugc/api/state.php:0
[  586141ms] [ERROR] [Sync] Erro ao salvar estado: 401 Unauthorized @ http://localhost/saas-ugc/assets/js2/core/state.js:954
[  614692ms] [ERROR] Failed to load resource: the server responded with a status of 401 (Unauthorized) @ http://localhost/saas-ugc/api/track_time.php:0
[  674668ms] [ERROR] Failed to load resource: the server responded with a status of 401 (Unauthorized) @ http://localhost/saas-ugc/api/track_time.php:0
[  704820ms] [ERROR] Failed to load resource: the server responded with a status of 401 (Unauthorized) @ http://localhost/saas-ugc/api/track_time.php:0
[  764707ms] [ERROR] Failed to load resource: the server responded with a status of 401 (Unauthorized) @ http://localhost/saas-ugc/api/track_time.php:0
[  794665ms] [ERROR] Failed to load resource: the server responded with a status of 401 (Unauthorized) @ http://localhost/saas-ugc/api/track_time.php:0
[  854758ms] [ERROR] Failed to load resource: the server responded with a status of 401 (Unauthorized) @ http://localhost/saas-ugc/api/track_time.php:0
[  884765ms] [ERROR] Failed to load resource: the server responded with a status of 401 (Unauthorized) @ http://localhost/saas-ugc/api/track_time.php:0
[  914739ms] [ERROR] Failed to load resource: the server responded with a status of 401 (Unauthorized) @ http://localhost/saas-ugc/api/track_time.php:0
[  944736ms] [ERROR] Failed to load resource: the server responded with a status of 401 (Unauthorized) @ http://localhost/saas-ugc/api/track_time.php:0
[ 1004660ms] [ERROR] Failed to load resource: the server responded with a status of 401 (Unauthorized) @ http://localhost/saas-ugc/api/track_time.php:0
[ 1034607ms] [ERROR] Failed to load resource: the server responded with a status of 401 (Unauthorized) @ http://localhost/saas-ugc/api/track_time.php:0
[ 1094836ms] [ERROR] Failed to load resource: the server responded with a status of 401 (Unauthorized) @ http://localhost/saas-ugc/api/track_time.php:0
[ 1124940ms] [ERROR] Failed to load resource: the server responded with a status of 401 (Unauthorized) @ http://localhost/saas-ugc/api/track_time.php:0
[ 1184874ms] [ERROR] Failed to load resource: the server responded with a status of 401 (Unauthorized) @ http://localhost/saas-ugc/api/track_time.php:0
[ 1244692ms] [ERROR] Failed to load resource: the server responded with a status of 401 (Unauthorized) @ http://localhost/saas-ugc/api/track_time.php:0
[ 1304679ms] [ERROR] Failed to load resource: the server responded with a status of 401 (Unauthorized) @ http://localhost/saas-ugc/api/track_time.php:0
[ 1334583ms] [ERROR] Failed to load resource: the server responded with a status of 401 (Unauthorized) @ http://localhost/saas-ugc/api/track_time.php:0
[ 1364622ms] [ERROR] Failed to load resource: the server responded with a status of 401 (Unauthorized) @ http://localhost/saas-ugc/api/track_time.php:0
[ 1394849ms] [ERROR] Failed to load resource: the server responded with a status of 401 (Unauthorized) @ http://localhost/saas-ugc/api/track_time.php:0
[ 1424680ms] [ERROR] Failed to load resource: the server responded with a status of 401 (Unauthorized) @ http://localhost/saas-ugc/api/track_time.php:0
[ 1484810ms] [ERROR] Failed to load resource: the server responded with a status of 401 (Unauthorized) @ http://localhost/saas-ugc/api/track_time.php:0
[ 1544671ms] [ERROR] Failed to load resource: the server responded with a status of 401 (Unauthorized) @ http://localhost/saas-ugc/api/track_time.php:0
[ 1574711ms] [ERROR] Failed to load resource: the server responded with a status of 401 (Unauthorized) @ http://localhost/saas-ugc/api/track_time.php:0
[ 1634629ms] [ERROR] Failed to load resource: the server responded with a status of 401 (Unauthorized) @ http://localhost/saas-ugc/api/track_time.php:0
[ 1664665ms] [ERROR] Failed to load resource: the server responded with a status of 401 (Unauthorized) @ http://localhost/saas-ugc/api/track_time.php:0
[ 1694827ms] [ERROR] Failed to load resource: the server responded with a status of 401 (Unauthorized) @ http://localhost/saas-ugc/api/track_time.php:0
[ 1754690ms] [ERROR] Failed to load resource: the server responded with a status of 401 (Unauthorized) @ http://localhost/saas-ugc/api/track_time.php:0
[ 1784731ms] [ERROR] Failed to load resource: the server responded with a status of 401 (Unauthorized) @ http://localhost/saas-ugc/api/track_time.php:0
[ 1844642ms] [ERROR] Failed to load resource: the server responded with a status of 401 (Unauthorized) @ http://localhost/saas-ugc/api/track_time.php:0
[ 1904740ms] [ERROR] Failed to load resource: the server responded with a status of 401 (Unauthorized) @ http://localhost/saas-ugc/api/track_time.php:0
[ 1964603ms] [ERROR] Failed to load resource: the server responded with a status of 401 (Unauthorized) @ http://localhost/saas-ugc/api/track_time.php:0
[ 1994706ms] [ERROR] Failed to load resource: the server responded with a status of 401 (Unauthorized) @ http://localhost/saas-ugc/api/track_time.php:0
[ 2024724ms] [ERROR] Failed to load resource: the server responded with a status of 401 (Unauthorized) @ http://localhost/saas-ugc/api/track_time.php:0
[ 2084625ms] [ERROR] Failed to load resource: the server responded with a status of 401 (Unauthorized) @ http://localhost/saas-ugc/api/track_time.php:0
[ 2114850ms] [ERROR] Failed to load resource: the server responded with a status of 401 (Unauthorized) @ http://localhost/saas-ugc/api/track_time.php:0
[ 2174730ms] [ERROR] Failed to load resource: the server responded with a status of 401 (Unauthorized) @ http://localhost/saas-ugc/api/track_time.php:0
[ 2234663ms] [ERROR] Failed to load resource: the server responded with a status of 401 (Unauthorized) @ http://localhost/saas-ugc/api/track_time.php:0
[ 2264648ms] [ERROR] Failed to load resource: the server responded with a status of 401 (Unauthorized) @ http://localhost/saas-ugc/api/track_time.php:0
[ 2294722ms] [ERROR] Failed to load resource: the server responded with a status of 401 (Unauthorized) @ http://localhost/saas-ugc/api/track_time.php:0
